running egg_info
creating ../../build/cell_control/cell_control.egg-info
writing ../../build/cell_control/cell_control.egg-info/PKG-INFO
writing dependency_links to ../../build/cell_control/cell_control.egg-info/dependency_links.txt
writing entry points to ../../build/cell_control/cell_control.egg-info/entry_points.txt
writing requirements to ../../build/cell_control/cell_control.egg-info/requires.txt
writing top-level names to ../../build/cell_control/cell_control.egg-info/top_level.txt
writing manifest file '../../build/cell_control/cell_control.egg-info/SOURCES.txt'
reading manifest file '../../build/cell_control/cell_control.egg-info/SOURCES.txt'
writing manifest file '../../build/cell_control/cell_control.egg-info/SOURCES.txt'
running build
running build_py
creating /home/shirin/pick_cell_control/ros_ws/build/cell_control/build
creating /home/shirin/pick_cell_control/ros_ws/build/cell_control/build/lib
creating /home/shirin/pick_cell_control/ros_ws/build/cell_control/build/lib/cell_control
copying cell_control/__init__.py -> /home/shirin/pick_cell_control/ros_ws/build/cell_control/build/lib/cell_control
copying cell_control/barcode_node.py -> /home/shirin/pick_cell_control/ros_ws/build/cell_control/build/lib/cell_control
running install
running install_lib
creating /home/shirin/pick_cell_control/ros_ws/install/cell_control/lib/python3.10/site-packages/cell_control
copying /home/shirin/pick_cell_control/ros_ws/build/cell_control/build/lib/cell_control/__init__.py -> /home/shirin/pick_cell_control/ros_ws/install/cell_control/lib/python3.10/site-packages/cell_control
copying /home/shirin/pick_cell_control/ros_ws/build/cell_control/build/lib/cell_control/barcode_node.py -> /home/shirin/pick_cell_control/ros_ws/install/cell_control/lib/python3.10/site-packages/cell_control
byte-compiling /home/shirin/pick_cell_control/ros_ws/install/cell_control/lib/python3.10/site-packages/cell_control/__init__.py to __init__.cpython-310.pyc
byte-compiling /home/shirin/pick_cell_control/ros_ws/install/cell_control/lib/python3.10/site-packages/cell_control/barcode_node.py to barcode_node.cpython-310.pyc
running install_data
creating /home/shirin/pick_cell_control/ros_ws/install/cell_control/share/ament_index
creating /home/shirin/pick_cell_control/ros_ws/install/cell_control/share/ament_index/resource_index
creating /home/shirin/pick_cell_control/ros_ws/install/cell_control/share/ament_index/resource_index/packages
copying resource/cell_control -> /home/shirin/pick_cell_control/ros_ws/install/cell_control/share/ament_index/resource_index/packages
copying package.xml -> /home/shirin/pick_cell_control/ros_ws/install/cell_control/share/cell_control
running install_egg_info
Copying ../../build/cell_control/cell_control.egg-info to /home/shirin/pick_cell_control/ros_ws/install/cell_control/lib/python3.10/site-packages/cell_control-0.0.0-py3.10.egg-info
running install_scripts
writing list of installed files to '/home/shirin/pick_cell_control/ros_ws/build/cell_control/install.log'
