[0.735s] Invoking command in '/home/shirin/pick_cell_control/ros_ws/src/cell_control': PYTHONPATH=/home/shirin/pick_cell_control/ros_ws/build/cell_control/prefix_override:/usr/lib/python3/dist-packages/colcon_core/task/python/colcon_distutils_commands:/home/shirin/pick_cell_control/ros_ws/install/cell_control/lib/python3.10/site-packages:${PYTHONPATH} /usr/bin/python3 -W ignore:setup.py install is deprecated -W ignore:easy_install command is deprecated setup.py egg_info --egg-base ../../build/cell_control build --build-base /home/shirin/pick_cell_control/ros_ws/build/cell_control/build install --record /home/shirin/pick_cell_control/ros_ws/build/cell_control/install.log --single-version-externally-managed install_data
[0.943s] running egg_info
[0.943s] creating ../../build/cell_control/cell_control.egg-info
[0.943s] writing ../../build/cell_control/cell_control.egg-info/PKG-INFO
[0.944s] writing dependency_links to ../../build/cell_control/cell_control.egg-info/dependency_links.txt
[0.944s] writing entry points to ../../build/cell_control/cell_control.egg-info/entry_points.txt
[0.945s] writing requirements to ../../build/cell_control/cell_control.egg-info/requires.txt
[0.945s] writing top-level names to ../../build/cell_control/cell_control.egg-info/top_level.txt
[0.945s] writing manifest file '../../build/cell_control/cell_control.egg-info/SOURCES.txt'
[0.946s] reading manifest file '../../build/cell_control/cell_control.egg-info/SOURCES.txt'
[0.947s] writing manifest file '../../build/cell_control/cell_control.egg-info/SOURCES.txt'
[0.948s] running build
[0.948s] running build_py
[0.949s] creating /home/shirin/pick_cell_control/ros_ws/build/cell_control/build
[0.949s] creating /home/shirin/pick_cell_control/ros_ws/build/cell_control/build/lib
[0.949s] creating /home/shirin/pick_cell_control/ros_ws/build/cell_control/build/lib/cell_control
[0.949s] copying cell_control/__init__.py -> /home/shirin/pick_cell_control/ros_ws/build/cell_control/build/lib/cell_control
[0.949s] copying cell_control/barcode_node.py -> /home/shirin/pick_cell_control/ros_ws/build/cell_control/build/lib/cell_control
[0.949s] running install
[0.951s] running install_lib
[0.951s] creating /home/shirin/pick_cell_control/ros_ws/install/cell_control/lib/python3.10/site-packages/cell_control
[0.951s] copying /home/shirin/pick_cell_control/ros_ws/build/cell_control/build/lib/cell_control/__init__.py -> /home/shirin/pick_cell_control/ros_ws/install/cell_control/lib/python3.10/site-packages/cell_control
[0.951s] copying /home/shirin/pick_cell_control/ros_ws/build/cell_control/build/lib/cell_control/barcode_node.py -> /home/shirin/pick_cell_control/ros_ws/install/cell_control/lib/python3.10/site-packages/cell_control
[0.952s] byte-compiling /home/shirin/pick_cell_control/ros_ws/install/cell_control/lib/python3.10/site-packages/cell_control/__init__.py to __init__.cpython-310.pyc
[0.952s] byte-compiling /home/shirin/pick_cell_control/ros_ws/install/cell_control/lib/python3.10/site-packages/cell_control/barcode_node.py to barcode_node.cpython-310.pyc
[0.952s] running install_data
[0.952s] creating /home/shirin/pick_cell_control/ros_ws/install/cell_control/share/ament_index
[0.953s] creating /home/shirin/pick_cell_control/ros_ws/install/cell_control/share/ament_index/resource_index
[0.953s] creating /home/shirin/pick_cell_control/ros_ws/install/cell_control/share/ament_index/resource_index/packages
[0.953s] copying resource/cell_control -> /home/shirin/pick_cell_control/ros_ws/install/cell_control/share/ament_index/resource_index/packages
[0.953s] copying package.xml -> /home/shirin/pick_cell_control/ros_ws/install/cell_control/share/cell_control
[0.953s] running install_egg_info
[0.956s] Copying ../../build/cell_control/cell_control.egg-info to /home/shirin/pick_cell_control/ros_ws/install/cell_control/lib/python3.10/site-packages/cell_control-0.0.0-py3.10.egg-info
[0.956s] running install_scripts
[0.978s] writing list of installed files to '/home/shirin/pick_cell_control/ros_ws/build/cell_control/install.log'
[1.000s] Invoked command in '/home/shirin/pick_cell_control/ros_ws/src/cell_control' returned '0': PYTHONPATH=/home/shirin/pick_cell_control/ros_ws/build/cell_control/prefix_override:/usr/lib/python3/dist-packages/colcon_core/task/python/colcon_distutils_commands:/home/shirin/pick_cell_control/ros_ws/install/cell_control/lib/python3.10/site-packages:${PYTHONPATH} /usr/bin/python3 -W ignore:setup.py install is deprecated -W ignore:easy_install command is deprecated setup.py egg_info --egg-base ../../build/cell_control build --build-base /home/shirin/pick_cell_control/ros_ws/build/cell_control/build install --record /home/shirin/pick_cell_control/ros_ws/build/cell_control/install.log --single-version-externally-managed install_data
